-- Install configuration: "Release"
-- Installing: /home/h1028/software/gromacs/2026.3-cuda12.4/share/gromacs/COPYING
-- Installing: /home/h1028/software/gromacs/2026.3-cuda12.4/share/gromacs/README.tutor
-- Installing: /home/h1028/software/gromacs/2026.3-cuda12.4/share/gromacs/README_FreeEnergyModifications.txt
-- Installing: /home/h1028/software/gromacs/2026.3-cuda12.4/share/gromacs/top
-- Installing: /home/h1028/software/gromacs/2026.3-cuda12.4/share/gromacs/top/table6-12.xvg
-- Installing: /home/h1028/software/gromacs/2026.3-cuda12.4/share/gromacs/top/nsfactor.dat
-- Installing: /home/h1028/software/gromacs/2026.3-cuda12.4/share/gromacs/top/ions.itp
-- Installing: /home/h1028/software/gromacs/2026.3-cuda12.4/share/gromacs/top/ps.m2p
-- Installing: /home/h1028/software/gromacs/2026.3-cuda12.4/share/gromacs/top/gromos54a7.ff
-- Installing: /home/h1028/software/gromacs/2026.3-cuda12.4/share/gromacs/top/gromos54a7.ff/watermodels.dat
-- Installing: /home/h1028/software/gromacs/2026.3-cuda12.4/share/gromacs/top/gromos54a7.ff/ions.itp
-- Installing: /home/h1028/software/gromacs/2026.3-cuda12.4/share/gromacs/top/gromos54a7.ff/aminoacids.r2b
-- Installing: /home/h1028/software/gromacs/2026.3-cuda12.4/share/gromacs/top/gromos54a7.ff/tmcl.itp
-- Installing: /home/h1028/software/gromacs/2026.3-cuda12.4/share/gromacs/top/gromos54a7.ff/forcefield.itp
-- Installing: /home/h1028/software/gromacs/2026.3-cuda12.4/share/gromacs/top/gromos54a7.ff/aminoacids.n.tdb
-- Installing: /home/h1028/software/gromacs/2026.3-cuda12.4/share/gromacs/top/gromos54a7.ff/spce.itp
-- Installing: /home/h1028/software/gromacs/2026.3-cuda12.4/share/gromacs/top/gromos54a7.ff/tip3p.itp
-- Installing: /home/h1028/software/gromacs/2026.3-cuda12.4/share/gromacs/top/gromos54a7.ff/aminoacids.rtp
-- Installing: /home/h1028/software/gromacs/2026.3-cuda12.4/share/gromacs/top/gromos54a7.ff/forcefield.doc
-- Installing: /home/h1028/software/gromacs/2026.3-cuda12.4/share/gromacs/top/gromos54a7.ff/aminoacids.hdb
-- Installing: /home/h1028/software/gromacs/2026.3-cuda12.4/share/gromacs/top/gromos54a7.ff/aminoacids.vsd
-- Installing: /home/h1028/software/gromacs/2026.3-cuda12.4/share/gromacs/top/gromos54a7.ff/spc.itp
-- Installing: /home/h1028/software/gromacs/2026.3-cuda12.4/share/gromacs/top/gromos54a7.ff/ffbonded.itp
-- Installing: /home/h1028/software/gromacs/2026.3-cuda12.4/share/gromacs/top/gromos54a7.ff/tip4p.itp
-- Installing: /home/h1028/software/gromacs/2026.3-cuda12.4/share/gromacs/top/gromos54a7.ff/aminoacids.c.tdb
-- Installing: /home/h1028/software/gromacs/2026.3-cuda12.4/share/gromacs/top/gromos54a7.ff/ffnonbonded.itp
-- Installing: /home/h1028/software/gromacs/2026.3-cuda12.4/share/gromacs/top/gromos54a7.ff/ff_dum.itp
-- Installing: /home/h1028/software/gromacs/2026.3-cuda12.4/share/gromacs/top/gromos54a7.ff/atomtypes.atp
-- Installing: /home/h1028/software/gromacs/2026.3-cuda12.4/share/gromacs/top/gromos54a7.ff/popc.itp
-- Installing: /home/h1028/software/gromacs/2026.3-cuda12.4/share/gromacs/top/gromos54a7.ff/dppc.itp
-- Installing: /home/h1028/software/gromacs/2026.3-cuda12.4/share/gromacs/top/ffoplsaa-n.tst
-- Installing: /home/h1028/software/gromacs/2026.3-cuda12.4/share/gromacs/top/flexwat-ferguson.itp
-- Installing: /home/h1028/software/gromacs/2026.3-cuda12.4/share/gromacs/top/electroneg.dat
-- Installing: /home/h1028/software/gromacs/2026.3-cuda12.4/share/gromacs/top/cb-shift.dat
-- Installing: /home/h1028/software/gromacs/2026.3-cuda12.4/share/gromacs/top/co-shift.dat
-- Installing: /home/h1028/software/gromacs/2026.3-cuda12.4/share/gromacs/top/gromos43a1.ff
-- Installing: /home/h1028/software/gromacs/2026.3-cuda12.4/share/gromacs/top/gromos43a1.ff/watermodels.dat
-- Installing: /home/h1028/software/gromacs/2026.3-cuda12.4/share/gromacs/top/gromos43a1.ff/methanol216.gro
-- Installing: /home/h1028/software/gromacs/2026.3-cuda12.4/share/gromacs/top/gromos43a1.ff/ions.itp
-- Installing: /home/h1028/software/gromacs/2026.3-cuda12.4/share/gromacs/top/gromos43a1.ff/aminoacids.r2b
-- Installing: /home/h1028/software/gromacs/2026.3-cuda12.4/share/gromacs/top/gromos43a1.ff/forcefield.itp
-- Installing: /home/h1028/software/gromacs/2026.3-cuda12.4/share/gromacs/top/gromos43a1.ff/aminoacids.n.tdb
-- Installing: /home/h1028/software/gromacs/2026.3-cuda12.4/share/gromacs/top/gromos43a1.ff/spce.itp
-- Installing: /home/h1028/software/gromacs/2026.3-cuda12.4/share/gromacs/top/gromos43a1.ff/tip3p.itp
-- Installing: /home/h1028/software/gromacs/2026.3-cuda12.4/share/gromacs/top/gromos43a1.ff/aminoacids.rtp
-- Installing: /home/h1028/software/gromacs/2026.3-cuda12.4/share/gromacs/top/gromos43a1.ff/forcefield.doc
-- Installing: /home/h1028/software/gromacs/2026.3-cuda12.4/share/gromacs/top/gromos43a1.ff/aminoacids.hdb
-- Installing: /home/h1028/software/gromacs/2026.3-cuda12.4/share/gromacs/top/gromos43a1.ff/aminoacids.vsd
-- Installing: /home/h1028/software/gromacs/2026.3-cuda12.4/share/gromacs/top/gromos43a1.ff/spc.itp
-- Installing: /home/h1028/software/gromacs/2026.3-cuda12.4/share/gromacs/top/gromos43a1.ff/ffbonded.itp
-- Installing: /home/h1028/software/gromacs/2026.3-cuda12.4/share/gromacs/top/gromos43a1.ff/tip4p.itp
-- Installing: /home/h1028/software/gromacs/2026.3-cuda12.4/share/gromacs/top/gromos43a1.ff/aminoacids.c.tdb
-- Installing: /home/h1028/software/gromacs/2026.3-cuda12.4/share/gromacs/top/gromos43a1.ff/methanol.itp
-- Installing: /home/h1028/software/gromacs/2026.3-cuda12.4/share/gromacs/top/gromos43a1.ff/ffnonbonded.itp
-- Installing: /home/h1028/software/gromacs/2026.3-cuda12.4/share/gromacs/top/gromos43a1.ff/ff_dum.itp
-- Installing: /home/h1028/software/gromacs/2026.3-cuda12.4/share/gromacs/top/gromos43a1.ff/atomtypes.atp
-- Installing: /home/h1028/software/gromacs/2026.3-cuda12.4/share/gromacs/top/README
-- Installing: /home/h1028/software/gromacs/2026.3-cuda12.4/share/gromacs/top/amber99sb-ildn.ff
-- Installing: /home/h1028/software/gromacs/2026.3-cuda12.4/share/gromacs/top/amber99sb-ildn.ff/watermodels.dat
-- Installing: /home/h1028/software/gromacs/2026.3-cuda12.4/share/gromacs/top/amber99sb-ildn.ff/urea.itp
-- Installing: /home/h1028/software/gromacs/2026.3-cuda12.4/share/gromacs/top/amber99sb-ildn.ff/ions.itp
-- Installing: /home/h1028/software/gromacs/2026.3-cuda12.4/share/gromacs/top/amber99sb-ildn.ff/aminoacids.r2b
-- Installing: /home/h1028/software/gromacs/2026.3-cuda12.4/share/gromacs/top/amber99sb-ildn.ff/dna.rtp
-- Installing: /home/h1028/software/gromacs/2026.3-cuda12.4/share/gromacs/top/amber99sb-ildn.ff/forcefield.itp
-- Installing: /home/h1028/software/gromacs/2026.3-cuda12.4/share/gromacs/top/amber99sb-ildn.ff/aminoacids.n.tdb
-- Installing: /home/h1028/software/gromacs/2026.3-cuda12.4/share/gromacs/top/amber99sb-ildn.ff/spce.itp
-- Installing: /home/h1028/software/gromacs/2026.3-cuda12.4/share/gromacs/top/amber99sb-ildn.ff/rna.arn
-- Installing: /home/h1028/software/gromacs/2026.3-cuda12.4/share/gromacs/top/amber99sb-ildn.ff/tip3p.itp
-- Installing: /home/h1028/software/gromacs/2026.3-cuda12.4/share/gromacs/top/amber99sb-ildn.ff/rna.rtp
-- Installing: /home/h1028/software/gromacs/2026.3-cuda12.4/share/gromacs/top/amber99sb-ildn.ff/tip4pew.itp
-- Installing: /home/h1028/software/gromacs/2026.3-cuda12.4/share/gromacs/top/amber99sb-ildn.ff/rna.r2b
-- Installing: /home/h1028/software/gromacs/2026.3-cuda12.4/share/gromacs/top/amber99sb-ildn.ff/aminoacids.rtp
-- Installing: /home/h1028/software/gromacs/2026.3-cuda12.4/share/gromacs/top/amber99sb-ildn.ff/forcefield.doc
-- Installing: /home/h1028/software/gromacs/2026.3-cuda12.4/share/gromacs/top/amber99sb-ildn.ff/aminoacids.hdb
-- Installing: /home/h1028/software/gromacs/2026.3-cuda12.4/share/gromacs/top/amber99sb-ildn.ff/aminoacids.vsd
-- Installing: /home/h1028/software/gromacs/2026.3-cuda12.4/share/gromacs/top/amber99sb-ildn.ff/spc.itp
-- Installing: /home/h1028/software/gromacs/2026.3-cuda12.4/share/gromacs/top/amber99sb-ildn.ff/ffbonded.itp
-- Installing: /home/h1028/software/gromacs/2026.3-cuda12.4/share/gromacs/top/amber99sb-ildn.ff/tip4p.itp
-- Installing: /home/h1028/software/gromacs/2026.3-cuda12.4/share/gromacs/top/amber99sb-ildn.ff/aminoacids.c.tdb
-- Installing: /home/h1028/software/gromacs/2026.3-cuda12.4/share/gromacs/top/amber99sb-ildn.ff/dna.arn
-- Installing: /home/h1028/software/gromacs/2026.3-cuda12.4/share/gromacs/top/amber99sb-ildn.ff/dna.r2b
-- Installing: /home/h1028/software/gromacs/2026.3-cuda12.4/share/gromacs/top/amber99sb-ildn.ff/aminoacids.arn
-- Installing: /home/h1028/software/gromacs/2026.3-cuda12.4/share/gromacs/top/amber99sb-ildn.ff/ffnonbonded.itp
-- Installing: /home/h1028/software/gromacs/2026.3-cuda12.4/share/gromacs/top/amber99sb-ildn.ff/atomtypes.atp
-- Installing: /home/h1028/software/gromacs/2026.3-cuda12.4/share/gromacs/top/amber99sb-ildn.ff/rna.hdb
-- Installing: /home/h1028/software/gromacs/2026.3-cuda12.4/share/gromacs/top/amber99sb-ildn.ff/dna.hdb
-- Installing: /home/h1028/software/gromacs/2026.3-cuda12.4/share/gromacs/top/amber99sb-ildn.ff/tip5p.itp
-- Installing: /home/h1028/software/gromacs/2026.3-cuda12.4/share/gromacs/top/amber99.ff
-- Installing: /home/h1028/software/gromacs/2026.3-cuda12.4/share/gromacs/top/amber99.ff/watermodels.dat
-- Installing: /home/h1028/software/gromacs/2026.3-cuda12.4/share/gromacs/top/amber99.ff/urea.itp
-- Installing: /home/h1028/software/gromacs/2026.3-cuda12.4/share/gromacs/top/amber99.ff/ions.itp
-- Installing: /home/h1028/software/gromacs/2026.3-cuda12.4/share/gromacs/top/amber99.ff/aminoacids.r2b
-- Installing: /home/h1028/software/gromacs/2026.3-cuda12.4/share/gromacs/top/amber99.ff/dna.rtp
-- Installing: /home/h1028/software/gromacs/2026.3-cuda12.4/share/gromacs/top/amber99.ff/forcefield.itp
-- Installing: /home/h1028/software/gromacs/2026.3-cuda12.4/share/gromacs/top/amber99.ff/aminoacids.n.tdb
-- Installing: /home/h1028/software/gromacs/2026.3-cuda12.4/share/gromacs/top/amber99.ff/spce.itp
-- Installing: /home/h1028/software/gromacs/2026.3-cuda12.4/share/gromacs/top/amber99.ff/rna.arn
-- Installing: /home/h1028/software/gromacs/2026.3-cuda12.4/share/gromacs/top/amber99.ff/tip3p.itp
-- Installing: /home/h1028/software/gromacs/2026.3-cuda12.4/share/gromacs/top/amber99.ff/rna.rtp
-- Installing: /home/h1028/software/gromacs/2026.3-cuda12.4/share/gromacs/top/amber99.ff/tip4pew.itp
-- Installing: /home/h1028/software/gromacs/2026.3-cuda12.4/share/gromacs/top/amber99.ff/rna.r2b
-- Installing: /home/h1028/software/gromacs/2026.3-cuda12.4/share/gromacs/top/amber99.ff/aminoacids.rtp
-- Installing: /home/h1028/software/gromacs/2026.3-cuda12.4/share/gromacs/top/amber99.ff/forcefield.doc
-- Installing: /home/h1028/software/gromacs/2026.3-cuda12.4/share/gromacs/top/amber99.ff/aminoacids.hdb
-- Installing: /home/h1028/software/gromacs/2026.3-cuda12.4/share/gromacs/top/amber99.ff/aminoacids.vsd
-- Installing: /home/h1028/software/gromacs/2026.3-cuda12.4/share/gromacs/top/amber99.ff/spc.itp
-- Installing: /home/h1028/software/gromacs/2026.3-cuda12.4/share/gromacs/top/amber99.ff/ffbonded.itp
-- Installing: /home/h1028/software/gromacs/2026.3-cuda12.4/share/gromacs/top/amber99.ff/tip4p.itp
-- Installing: /home/h1028/software/gromacs/2026.3-cuda12.4/share/gromacs/top/amber99.ff/aminoacids.c.tdb
-- Installing: /home/h1028/software/gromacs/2026.3-cuda12.4/share/gromacs/top/amber99.ff/dna.arn
-- Installing: /home/h1028/software/gromacs/2026.3-cuda12.4/share/gromacs/top/amber99.ff/dna.r2b
-- Installing: /home/h1028/software/gromacs/2026.3-cuda12.4/share/gromacs/top/amber99.ff/aminoacids.arn
-- Installing: /home/h1028/software/gromacs/2026.3-cuda12.4/share/gromacs/top/amber99.ff/ffnonbonded.itp
-- Installing: /home/h1028/software/gromacs/2026.3-cuda12.4/share/gromacs/top/amber99.ff/atomtypes.atp
-- Installing: /home/h1028/software/gromacs/2026.3-cuda12.4/share/gromacs/top/amber99.ff/rna.hdb
-- Installing: /home/h1028/software/gromacs/2026.3-cuda12.4/share/gromacs/top/amber99.ff/dna.hdb
-- Installing: /home/h1028/software/gromacs/2026.3-cuda12.4/share/gromacs/top/amber99.ff/tip5p.itp
-- Installing: /home/h1028/software/gromacs/2026.3-cuda12.4/share/gromacs/top/scatteringfactors.dat
-- Installing: /home/h1028/software/gromacs/2026.3-cuda12.4/share/gromacs/top/elements.dat
-- Installing: /home/h1028/software/gromacs/2026.3-cuda12.4/share/gromacs/top/spce.itp
-- Installing: /home/h1028/software/gromacs/2026.3-cuda12.4/share/gromacs/top/amber03.ff
-- Installing: /home/h1028/software/gromacs/2026.3-cuda12.4/share/gromacs/top/amber03.ff/watermodels.dat
-- Installing: /home/h1028/software/gromacs/2026.3-cuda12.4/share/gromacs/top/amber03.ff/urea.itp
-- Installing: /home/h1028/software/gromacs/2026.3-cuda12.4/share/gromacs/top/amber03.ff/ions.itp
-- Installing: /home/h1028/software/gromacs/2026.3-cuda12.4/share/gromacs/top/amber03.ff/aminoacids.r2b
-- Installing: /home/h1028/software/gromacs/2026.3-cuda12.4/share/gromacs/top/amber03.ff/dna.rtp
-- Installing: /home/h1028/software/gromacs/2026.3-cuda12.4/share/gromacs/top/amber03.ff/forcefield.itp
-- Installing: /home/h1028/software/gromacs/2026.3-cuda12.4/share/gromacs/top/amber03.ff/aminoacids.n.tdb
-- Installing: /home/h1028/software/gromacs/2026.3-cuda12.4/share/gromacs/top/amber03.ff/spce.itp
-- Installing: /home/h1028/software/gromacs/2026.3-cuda12.4/share/gromacs/top/amber03.ff/rna.arn
-- Installing: /home/h1028/software/gromacs/2026.3-cuda12.4/share/gromacs/top/amber03.ff/tip3p.itp
-- Installing: /home/h1028/software/gromacs/2026.3-cuda12.4/share/gromacs/top/amber03.ff/rna.rtp
-- Installing: /home/h1028/software/gromacs/2026.3-cuda12.4/share/gromacs/top/amber03.ff/tip4pew.itp
-- Installing: /home/h1028/software/gromacs/2026.3-cuda12.4/share/gromacs/top/amber03.ff/rna.r2b
-- Installing: /home/h1028/software/gromacs/2026.3-cuda12.4/share/gromacs/top/amber03.ff/aminoacids.rtp
-- Installing: /home/h1028/software/gromacs/2026.3-cuda12.4/share/gromacs/top/amber03.ff/forcefield.doc
-- Installing: /home/h1028/software/gromacs/2026.3-cuda12.4/share/gromacs/top/amber03.ff/aminoacids.hdb
-- Installing: /home/h1028/software/gromacs/2026.3-cuda12.4/share/gromacs/top/amber03.ff/aminoacids.vsd
-- Installing: /home/h1028/software/gromacs/2026.3-cuda12.4/share/gromacs/top/amber03.ff/spc.itp
-- Installing: /home/h1028/software/gromacs/2026.3-cuda12.4/share/gromacs/top/amber03.ff/ffbonded.itp
-- Installing: /home/h1028/software/gromacs/2026.3-cuda12.4/share/gromacs/top/amber03.ff/tip4p.itp
-- Installing: /home/h1028/software/gromacs/2026.3-cuda12.4/share/gromacs/top/amber03.ff/aminoacids.c.tdb
-- Installing: /home/h1028/software/gromacs/2026.3-cuda12.4/share/gromacs/top/amber03.ff/dna.arn
-- Installing: /home/h1028/software/gromacs/2026.3-cuda12.4/share/gromacs/top/amber03.ff/dna.r2b
-- Installing: /home/h1028/software/gromacs/2026.3-cuda12.4/share/gromacs/top/amber03.ff/aminoacids.arn
-- Installing: /home/h1028/software/gromacs/2026.3-cuda12.4/share/gromacs/top/amber03.ff/ffnonbonded.itp
-- Installing: /home/h1028/software/gromacs/2026.3-cuda12.4/share/gromacs/top/amber03.ff/atomtypes.atp
-- Installing: /home/h1028/software/gromacs/2026.3-cuda12.4/share/gromacs/top/amber03.ff/rna.hdb
-- Installing: /home/h1028/software/gromacs/2026.3-cuda12.4/share/gromacs/top/amber03.ff/dna.hdb
-- Installing: /home/h1028/software/gromacs/2026.3-cuda12.4/share/gromacs/top/amber03.ff/tip5p.itp
-- Installing: /home/h1028/software/gromacs/2026.3-cuda12.4/share/gromacs/top/sw.itp
-- Installing: /home/h1028/software/gromacs/2026.3-cuda12.4/share/gromacs/top/gromos45a3.ff
-- Installing: /home/h1028/software/gromacs/2026.3-cuda12.4/share/gromacs/top/gromos45a3.ff/watermodels.dat
-- Installing: /home/h1028/software/gromacs/2026.3-cuda12.4/share/gromacs/top/gromos45a3.ff/ions.itp
-- Installing: /home/h1028/software/gromacs/2026.3-cuda12.4/share/gromacs/top/gromos45a3.ff/aminoacids.r2b
-- Installing: /home/h1028/software/gromacs/2026.3-cuda12.4/share/gromacs/top/gromos45a3.ff/forcefield.itp
-- Installing: /home/h1028/software/gromacs/2026.3-cuda12.4/share/gromacs/top/gromos45a3.ff/aminoacids.n.tdb
-- Installing: /home/h1028/software/gromacs/2026.3-cuda12.4/share/gromacs/top/gromos45a3.ff/spce.itp
-- Installing: /home/h1028/software/gromacs/2026.3-cuda12.4/share/gromacs/top/gromos45a3.ff/tip3p.itp
-- Installing: /home/h1028/software/gromacs/2026.3-cuda12.4/share/gromacs/top/gromos45a3.ff/aminoacids.rtp
-- Installing: /home/h1028/software/gromacs/2026.3-cuda12.4/share/gromacs/top/gromos45a3.ff/forcefield.doc
-- Installing: /home/h1028/software/gromacs/2026.3-cuda12.4/share/gromacs/top/gromos45a3.ff/aminoacids.hdb
-- Installing: /home/h1028/software/gromacs/2026.3-cuda12.4/share/gromacs/top/gromos45a3.ff/aminoacids.vsd
-- Installing: /home/h1028/software/gromacs/2026.3-cuda12.4/share/gromacs/top/gromos45a3.ff/spc.itp
-- Installing: /home/h1028/software/gromacs/2026.3-cuda12.4/share/gromacs/top/gromos45a3.ff/ffbonded.itp
-- Installing: /home/h1028/software/gromacs/2026.3-cuda12.4/share/gromacs/top/gromos45a3.ff/tip4p.itp
-- Installing: /home/h1028/software/gromacs/2026.3-cuda12.4/share/gromacs/top/gromos45a3.ff/aminoacids.c.tdb
-- Installing: /home/h1028/software/gromacs/2026.3-cuda12.4/share/gromacs/top/gromos45a3.ff/ffnonbonded.itp
-- Installing: /home/h1028/software/gromacs/2026.3-cuda12.4/share/gromacs/top/gromos45a3.ff/ff_dum.itp
-- Installing: /home/h1028/software/gromacs/2026.3-cuda12.4/share/gromacs/top/gromos45a3.ff/atomtypes.atp
-- Installing: /home/h1028/software/gromacs/2026.3-cuda12.4/share/gromacs/top/tip3p.itp
-- Installing: /home/h1028/software/gromacs/2026.3-cuda12.4/share/gromacs/top/ffG45a3.itp
-- Installing: /home/h1028/software/gromacs/2026.3-cuda12.4/share/gromacs/top/amber94.ff
-- Installing: /home/h1028/software/gromacs/2026.3-cuda12.4/share/gromacs/top/amber94.ff/watermodels.dat
-- Installing: /home/h1028/software/gromacs/2026.3-cuda12.4/share/gromacs/top/amber94.ff/urea.itp
-- Installing: /home/h1028/software/gromacs/2026.3-cuda12.4/share/gromacs/top/amber94.ff/ions.itp
-- Installing: /home/h1028/software/gromacs/2026.3-cuda12.4/share/gromacs/top/amber94.ff/aminoacids.r2b
-- Installing: /home/h1028/software/gromacs/2026.3-cuda12.4/share/gromacs/top/amber94.ff/dna.rtp
-- Installing: /home/h1028/software/gromacs/2026.3-cuda12.4/share/gromacs/top/amber94.ff/forcefield.itp
-- Installing: /home/h1028/software/gromacs/2026.3-cuda12.4/share/gromacs/top/amber94.ff/aminoacids.n.tdb
-- Installing: /home/h1028/software/gromacs/2026.3-cuda12.4/share/gromacs/top/amber94.ff/spce.itp
-- Installing: /home/h1028/software/gromacs/2026.3-cuda12.4/share/gromacs/top/amber94.ff/rna.arn
-- Installing: /home/h1028/software/gromacs/2026.3-cuda12.4/share/gromacs/top/amber94.ff/tip3p.itp
-- Installing: /home/h1028/software/gromacs/2026.3-cuda12.4/share/gromacs/top/amber94.ff/rna.rtp
-- Installing: /home/h1028/software/gromacs/2026.3-cuda12.4/share/gromacs/top/amber94.ff/tip4pew.itp
-- Installing: /home/h1028/software/gromacs/2026.3-cuda12.4/share/gromacs/top/amber94.ff/rna.r2b
-- Installing: /home/h1028/software/gromacs/2026.3-cuda12.4/share/gromacs/top/amber94.ff/aminoacids.rtp
-- Installing: /home/h1028/software/gromacs/2026.3-cuda12.4/share/gromacs/top/amber94.ff/forcefield.doc
-- Installing: /home/h1028/software/gromacs/2026.3-cuda12.4/share/gromacs/top/amber94.ff/aminoacids.hdb
-- Installing: /home/h1028/software/gromacs/2026.3-cuda12.4/share/gromacs/top/amber94.ff/aminoacids.vsd
-- Installing: /home/h1028/software/gromacs/2026.3-cuda12.4/share/gromacs/top/amber94.ff/spc.itp
-- Installing: /home/h1028/software/gromacs/2026.3-cuda12.4/share/gromacs/top/amber94.ff/ffbonded.itp
-- Installing: /home/h1028/software/gromacs/2026.3-cuda12.4/share/gromacs/top/amber94.ff/tip4p.itp
-- Installing: /home/h1028/software/gromacs/2026.3-cuda12.4/share/gromacs/top/amber94.ff/aminoacids.c.tdb
-- Installing: /home/h1028/software/gromacs/2026.3-cuda12.4/share/gromacs/top/amber94.ff/dna.arn
-- Installing: /home/h1028/software/gromacs/2026.3-cuda12.4/share/gromacs/top/amber94.ff/dna.r2b
-- Installing: /home/h1028/software/gromacs/2026.3-cuda12.4/share/gromacs/top/amber94.ff/aminoacids.arn
-- Installing: /home/h1028/software/gromacs/2026.3-cuda12.4/share/gromacs/top/amber94.ff/ffnonbonded.itp
-- Installing: /home/h1028/software/gromacs/2026.3-cuda12.4/share/gromacs/top/amber94.ff/atomtypes.atp
-- Installing: /home/h1028/software/gromacs/2026.3-cuda12.4/share/gromacs/top/amber94.ff/rna.hdb
-- Installing: /home/h1028/software/gromacs/2026.3-cuda12.4/share/gromacs/top/amber94.ff/dna.hdb
-- Installing: /home/h1028/software/gromacs/2026.3-cuda12.4/share/gromacs/top/amber94.ff/tip5p.itp
-- Installing: /home/h1028/software/gromacs/2026.3-cuda12.4/share/gromacs/top/flexspce.itp
-- Installing: /home/h1028/software/gromacs/2026.3-cuda12.4/share/gromacs/top/edissoc.dat
-- Installing: /home/h1028/software/gromacs/2026.3-cuda12.4/share/gromacs/top/oplsaa.ff
-- Installing: /home/h1028/software/gromacs/2026.3-cuda12.4/share/gromacs/top/oplsaa.ff/watermodels.dat
-- Installing: /home/h1028/software/gromacs/2026.3-cuda12.4/share/gromacs/top/oplsaa.ff/ions.itp
-- Installing: /home/h1028/software/gromacs/2026.3-cuda12.4/share/gromacs/top/oplsaa.ff/aminoacids.r2b
-- Installing: /home/h1028/software/gromacs/2026.3-cuda12.4/share/gromacs/top/oplsaa.ff/ethanol.itp
-- Installing: /home/h1028/software/gromacs/2026.3-cuda12.4/share/gromacs/top/oplsaa.ff/forcefield.itp
-- Installing: /home/h1028/software/gromacs/2026.3-cuda12.4/share/gromacs/top/oplsaa.ff/tip5pe.itp
-- Installing: /home/h1028/software/gromacs/2026.3-cuda12.4/share/gromacs/top/oplsaa.ff/aminoacids.n.tdb
-- Installing: /home/h1028/software/gromacs/2026.3-cuda12.4/share/gromacs/top/oplsaa.ff/spce.itp
-- Installing: /home/h1028/software/gromacs/2026.3-cuda12.4/share/gromacs/top/oplsaa.ff/tip3p.itp
-- Installing: /home/h1028/software/gromacs/2026.3-cuda12.4/share/gromacs/top/oplsaa.ff/tip4pew.itp
-- Installing: /home/h1028/software/gromacs/2026.3-cuda12.4/share/gromacs/top/oplsaa.ff/aminoacids.rtp
-- Installing: /home/h1028/software/gromacs/2026.3-cuda12.4/share/gromacs/top/oplsaa.ff/forcefield.doc
-- Installing: /home/h1028/software/gromacs/2026.3-cuda12.4/share/gromacs/top/oplsaa.ff/aminoacids.hdb
-- Installing: /home/h1028/software/gromacs/2026.3-cuda12.4/share/gromacs/top/oplsaa.ff/aminoacids.vsd
-- Installing: /home/h1028/software/gromacs/2026.3-cuda12.4/share/gromacs/top/oplsaa.ff/spc.itp
-- Installing: /home/h1028/software/gromacs/2026.3-cuda12.4/share/gromacs/top/oplsaa.ff/ffbonded.itp
-- Installing: /home/h1028/software/gromacs/2026.3-cuda12.4/share/gromacs/top/oplsaa.ff/tip4p.itp
-- Installing: /home/h1028/software/gromacs/2026.3-cuda12.4/share/gromacs/top/oplsaa.ff/aminoacids.c.tdb
-- Installing: /home/h1028/software/gromacs/2026.3-cuda12.4/share/gromacs/top/oplsaa.ff/atomname2type.n2t
-- Installing: /home/h1028/software/gromacs/2026.3-cuda12.4/share/gromacs/top/oplsaa.ff/methanol.itp
-- Installing: /home/h1028/software/gromacs/2026.3-cuda12.4/share/gromacs/top/oplsaa.ff/ffnonbonded.itp
-- Installing: /home/h1028/software/gromacs/2026.3-cuda12.4/share/gromacs/top/oplsaa.ff/atomtypes.atp
-- Installing: /home/h1028/software/gromacs/2026.3-cuda12.4/share/gromacs/top/oplsaa.ff/1propanol.itp
-- Installing: /home/h1028/software/gromacs/2026.3-cuda12.4/share/gromacs/top/oplsaa.ff/tip5p.itp
-- Installing: /home/h1028/software/gromacs/2026.3-cuda12.4/share/gromacs/top/ffG43a2.itp
-- Installing: /home/h1028/software/gromacs/2026.3-cuda12.4/share/gromacs/top/specbond.dat
-- Installing: /home/h1028/software/gromacs/2026.3-cuda12.4/share/gromacs/top/charmm27.ff
-- Installing: /home/h1028/software/gromacs/2026.3-cuda12.4/share/gromacs/top/charmm27.ff/watermodels.dat
-- Installing: /home/h1028/software/gromacs/2026.3-cuda12.4/share/gromacs/top/charmm27.ff/ffnabonded.itp
-- Installing: /home/h1028/software/gromacs/2026.3-cuda12.4/share/gromacs/top/charmm27.ff/ions.itp
-- Installing: /home/h1028/software/gromacs/2026.3-cuda12.4/share/gromacs/top/charmm27.ff/aminoacids.r2b
-- Installing: /home/h1028/software/gromacs/2026.3-cuda12.4/share/gromacs/top/charmm27.ff/dna.rtp
-- Installing: /home/h1028/software/gromacs/2026.3-cuda12.4/share/gromacs/top/charmm27.ff/tips3p.itp
-- Installing: /home/h1028/software/gromacs/2026.3-cuda12.4/share/gromacs/top/charmm27.ff/forcefield.itp
-- Installing: /home/h1028/software/gromacs/2026.3-cuda12.4/share/gromacs/top/charmm27.ff/aminoacids.n.tdb
-- Installing: /home/h1028/software/gromacs/2026.3-cuda12.4/share/gromacs/top/charmm27.ff/spce.itp
-- Installing: /home/h1028/software/gromacs/2026.3-cuda12.4/share/gromacs/top/charmm27.ff/rna.c.tdb
-- Installing: /home/h1028/software/gromacs/2026.3-cuda12.4/share/gromacs/top/charmm27.ff/rna.arn
-- Installing: /home/h1028/software/gromacs/2026.3-cuda12.4/share/gromacs/top/charmm27.ff/tip3p.itp
-- Installing: /home/h1028/software/gromacs/2026.3-cuda12.4/share/gromacs/top/charmm27.ff/rna.rtp
-- Installing: /home/h1028/software/gromacs/2026.3-cuda12.4/share/gromacs/top/charmm27.ff/lipids.rtp
-- Installing: /home/h1028/software/gromacs/2026.3-cuda12.4/share/gromacs/top/charmm27.ff/rna.n.tdb
-- Installing: /home/h1028/software/gromacs/2026.3-cuda12.4/share/gromacs/top/charmm27.ff/rna.r2b
-- Installing: /home/h1028/software/gromacs/2026.3-cuda12.4/share/gromacs/top/charmm27.ff/aminoacids.rtp
-- Installing: /home/h1028/software/gromacs/2026.3-cuda12.4/share/gromacs/top/charmm27.ff/forcefield.doc
-- Installing: /home/h1028/software/gromacs/2026.3-cuda12.4/share/gromacs/top/charmm27.ff/aminoacids.hdb
-- Installing: /home/h1028/software/gromacs/2026.3-cuda12.4/share/gromacs/top/charmm27.ff/aminoacids.vsd
-- Installing: /home/h1028/software/gromacs/2026.3-cuda12.4/share/gromacs/top/charmm27.ff/ffnanonbonded.itp
-- Installing: /home/h1028/software/gromacs/2026.3-cuda12.4/share/gromacs/top/charmm27.ff/dna.c.tdb
-- Installing: /home/h1028/software/gromacs/2026.3-cuda12.4/share/gromacs/top/charmm27.ff/spc.itp
-- Installing: /home/h1028/software/gromacs/2026.3-cuda12.4/share/gromacs/top/charmm27.ff/ffbonded.itp
-- Installing: /home/h1028/software/gromacs/2026.3-cuda12.4/share/gromacs/top/charmm27.ff/tip4p.itp
-- Installing: /home/h1028/software/gromacs/2026.3-cuda12.4/share/gromacs/top/charmm27.ff/aminoacids.c.tdb
-- Installing: /home/h1028/software/gromacs/2026.3-cuda12.4/share/gromacs/top/charmm27.ff/dna.arn
-- Installing: /home/h1028/software/gromacs/2026.3-cuda12.4/share/gromacs/top/charmm27.ff/aminoacids.arn
-- Installing: /home/h1028/software/gromacs/2026.3-cuda12.4/share/gromacs/top/charmm27.ff/cmap.itp
-- Installing: /home/h1028/software/gromacs/2026.3-cuda12.4/share/gromacs/top/charmm27.ff/ffnonbonded.itp
-- Installing: /home/h1028/software/gromacs/2026.3-cuda12.4/share/gromacs/top/charmm27.ff/atomtypes.atp
-- Installing: /home/h1028/software/gromacs/2026.3-cuda12.4/share/gromacs/top/charmm27.ff/rna.hdb
-- Installing: /home/h1028/software/gromacs/2026.3-cuda12.4/share/gromacs/top/charmm27.ff/lipids.hdb
-- Installing: /home/h1028/software/gromacs/2026.3-cuda12.4/share/gromacs/top/charmm27.ff/dna.n.tdb
-- Installing: /home/h1028/software/gromacs/2026.3-cuda12.4/share/gromacs/top/charmm27.ff/dna.hdb
-- Installing: /home/h1028/software/gromacs/2026.3-cuda12.4/share/gromacs/top/charmm27.ff/tip5p.itp
-- Installing: /home/h1028/software/gromacs/2026.3-cuda12.4/share/gromacs/top/gromos53a5.ff
-- Installing: /home/h1028/software/gromacs/2026.3-cuda12.4/share/gromacs/top/gromos53a5.ff/watermodels.dat
-- Installing: /home/h1028/software/gromacs/2026.3-cuda12.4/share/gromacs/top/gromos53a5.ff/ions.itp
-- Installing: /home/h1028/software/gromacs/2026.3-cuda12.4/share/gromacs/top/gromos53a5.ff/aminoacids.r2b
-- Installing: /home/h1028/software/gromacs/2026.3-cuda12.4/share/gromacs/top/gromos53a5.ff/forcefield.itp
-- Installing: /home/h1028/software/gromacs/2026.3-cuda12.4/share/gromacs/top/gromos53a5.ff/aminoacids.n.tdb
-- Installing: /home/h1028/software/gromacs/2026.3-cuda12.4/share/gromacs/top/gromos53a5.ff/spce.itp
-- Installing: /home/h1028/software/gromacs/2026.3-cuda12.4/share/gromacs/top/gromos53a5.ff/tip3p.itp
-- Installing: /home/h1028/software/gromacs/2026.3-cuda12.4/share/gromacs/top/gromos53a5.ff/aminoacids.rtp
-- Installing: /home/h1028/software/gromacs/2026.3-cuda12.4/share/gromacs/top/gromos53a5.ff/forcefield.doc
-- Installing: /home/h1028/software/gromacs/2026.3-cuda12.4/share/gromacs/top/gromos53a5.ff/aminoacids.hdb
-- Installing: /home/h1028/software/gromacs/2026.3-cuda12.4/share/gromacs/top/gromos53a5.ff/aminoacids.vsd
-- Installing: /home/h1028/software/gromacs/2026.3-cuda12.4/share/gromacs/top/gromos53a5.ff/spc.itp
-- Installing: /home/h1028/software/gromacs/2026.3-cuda12.4/share/gromacs/top/gromos53a5.ff/ffbonded.itp
-- Installing: /home/h1028/software/gromacs/2026.3-cuda12.4/share/gromacs/top/gromos53a5.ff/tip4p.itp
-- Installing: /home/h1028/software/gromacs/2026.3-cuda12.4/share/gromacs/top/gromos53a5.ff/aminoacids.c.tdb
-- Installing: /home/h1028/software/gromacs/2026.3-cuda12.4/share/gromacs/top/gromos53a5.ff/atomname2type.n2t
-- Installing: /home/h1028/software/gromacs/2026.3-cuda12.4/share/gromacs/top/gromos53a5.ff/ffnonbonded.itp
-- Installing: /home/h1028/software/gromacs/2026.3-cuda12.4/share/gromacs/top/gromos53a5.ff/ff_dum.itp
-- Installing: /home/h1028/software/gromacs/2026.3-cuda12.4/share/gromacs/top/gromos53a5.ff/atomtypes.atp
-- Installing: /home/h1028/software/gromacs/2026.3-cuda12.4/share/gromacs/top/ffG43a1.itp
-- Installing: /home/h1028/software/gromacs/2026.3-cuda12.4/share/gromacs/top/residuetypes.dat
-- Installing: /home/h1028/software/gromacs/2026.3-cuda12.4/share/gromacs/top/amber19sb.ff
-- Installing: /home/h1028/software/gromacs/2026.3-cuda12.4/share/gromacs/top/amber19sb.ff/opc3.itp
-- Installing: /home/h1028/software/gromacs/2026.3-cuda12.4/share/gromacs/top/amber19sb.ff/watermodels.dat
-- Installing: /home/h1028/software/gromacs/2026.3-cuda12.4/share/gromacs/top/amber19sb.ff/ions_spc.itp
-- Installing: /home/h1028/software/gromacs/2026.3-cuda12.4/share/gromacs/top/amber19sb.ff/aminoacids.r2b
-- Installing: /home/h1028/software/gromacs/2026.3-cuda12.4/share/gromacs/top/amber19sb.ff/forcefield.itp
-- Installing: /home/h1028/software/gromacs/2026.3-cuda12.4/share/gromacs/top/amber19sb.ff/ions_tip4pew.itp
-- Installing: /home/h1028/software/gromacs/2026.3-cuda12.4/share/gromacs/top/amber19sb.ff/aminoacids.n.tdb
-- Installing: /home/h1028/software/gromacs/2026.3-cuda12.4/share/gromacs/top/amber19sb.ff/spce.itp
-- Installing: /home/h1028/software/gromacs/2026.3-cuda12.4/share/gromacs/top/amber19sb.ff/ions_spce.itp
-- Installing: /home/h1028/software/gromacs/2026.3-cuda12.4/share/gromacs/top/amber19sb.ff/tip3p.itp
-- Installing: /home/h1028/software/gromacs/2026.3-cuda12.4/share/gromacs/top/amber19sb.ff/opc.itp
-- Installing: /home/h1028/software/gromacs/2026.3-cuda12.4/share/gromacs/top/amber19sb.ff/tip4pew.itp
-- Installing: /home/h1028/software/gromacs/2026.3-cuda12.4/share/gromacs/top/amber19sb.ff/ions_opc.itp
-- Installing: /home/h1028/software/gromacs/2026.3-cuda12.4/share/gromacs/top/amber19sb.ff/aminoacids.rtp
-- Installing: /home/h1028/software/gromacs/2026.3-cuda12.4/share/gromacs/top/amber19sb.ff/forcefield.doc
-- Installing: /home/h1028/software/gromacs/2026.3-cuda12.4/share/gromacs/top/amber19sb.ff/aminoacids.hdb
-- Installing: /home/h1028/software/gromacs/2026.3-cuda12.4/share/gromacs/top/amber19sb.ff/ions_opc3.itp
-- Installing: /home/h1028/software/gromacs/2026.3-cuda12.4/share/gromacs/top/amber19sb.ff/spc.itp
-- Installing: /home/h1028/software/gromacs/2026.3-cuda12.4/share/gromacs/top/amber19sb.ff/ffbonded.itp
-- Installing: /home/h1028/software/gromacs/2026.3-cuda12.4/share/gromacs/top/amber19sb.ff/aminoacids.c.tdb
-- Installing: /home/h1028/software/gromacs/2026.3-cuda12.4/share/gromacs/top/amber19sb.ff/cmap.itp
-- Installing: /home/h1028/software/gromacs/2026.3-cuda12.4/share/gromacs/top/amber19sb.ff/ffnonbonded.itp
-- Installing: /home/h1028/software/gromacs/2026.3-cuda12.4/share/gromacs/top/amber19sb.ff/atomtypes.atp
-- Installing: /home/h1028/software/gromacs/2026.3-cuda12.4/share/gromacs/top/amber19sb.ff/ions_tip3p.itp
-- Installing: /home/h1028/software/gromacs/2026.3-cuda12.4/share/gromacs/top/amber14sb.ff
-- Installing: /home/h1028/software/gromacs/2026.3-cuda12.4/share/gromacs/top/amber14sb.ff/opc3.itp
-- Installing: /home/h1028/software/gromacs/2026.3-cuda12.4/share/gromacs/top/amber14sb.ff/watermodels.dat
-- Installing: /home/h1028/software/gromacs/2026.3-cuda12.4/share/gromacs/top/amber14sb.ff/ions_spc.itp
-- Installing: /home/h1028/software/gromacs/2026.3-cuda12.4/share/gromacs/top/amber14sb.ff/aminoacids.r2b
-- Installing: /home/h1028/software/gromacs/2026.3-cuda12.4/share/gromacs/top/amber14sb.ff/forcefield.itp
-- Installing: /home/h1028/software/gromacs/2026.3-cuda12.4/share/gromacs/top/amber14sb.ff/ions_tip4pew.itp
-- Installing: /home/h1028/software/gromacs/2026.3-cuda12.4/share/gromacs/top/amber14sb.ff/aminoacids.n.tdb
-- Installing: /home/h1028/software/gromacs/2026.3-cuda12.4/share/gromacs/top/amber14sb.ff/spce.itp
-- Installing: /home/h1028/software/gromacs/2026.3-cuda12.4/share/gromacs/top/amber14sb.ff/ions_spce.itp
-- Installing: /home/h1028/software/gromacs/2026.3-cuda12.4/share/gromacs/top/amber14sb.ff/tip3p.itp
-- Installing: /home/h1028/software/gromacs/2026.3-cuda12.4/share/gromacs/top/amber14sb.ff/opc.itp
-- Installing: /home/h1028/software/gromacs/2026.3-cuda12.4/share/gromacs/top/amber14sb.ff/tip4pew.itp
-- Installing: /home/h1028/software/gromacs/2026.3-cuda12.4/share/gromacs/top/amber14sb.ff/ions_opc.itp
-- Installing: /home/h1028/software/gromacs/2026.3-cuda12.4/share/gromacs/top/amber14sb.ff/aminoacids.rtp
-- Installing: /home/h1028/software/gromacs/2026.3-cuda12.4/share/gromacs/top/amber14sb.ff/forcefield.doc
-- Installing: /home/h1028/software/gromacs/2026.3-cuda12.4/share/gromacs/top/amber14sb.ff/aminoacids.hdb
-- Installing: /home/h1028/software/gromacs/2026.3-cuda12.4/share/gromacs/top/amber14sb.ff/ions_opc3.itp
-- Installing: /home/h1028/software/gromacs/2026.3-cuda12.4/share/gromacs/top/amber14sb.ff/spc.itp
-- Installing: /home/h1028/software/gromacs/2026.3-cuda12.4/share/gromacs/top/amber14sb.ff/ffbonded.itp
-- Installing: /home/h1028/software/gromacs/2026.3-cuda12.4/share/gromacs/top/amber14sb.ff/aminoacids.c.tdb
-- Installing: /home/h1028/software/gromacs/2026.3-cuda12.4/share/gromacs/top/amber14sb.ff/ffnonbonded.itp
-- Installing: /home/h1028/software/gromacs/2026.3-cuda12.4/share/gromacs/top/amber14sb.ff/atomtypes.atp
-- Installing: /home/h1028/software/gromacs/2026.3-cuda12.4/share/gromacs/top/amber14sb.ff/ions_tip3p.itp
-- Installing: /home/h1028/software/gromacs/2026.3-cuda12.4/share/gromacs/top/ca-shift.dat
-- Installing: /home/h1028/software/gromacs/2026.3-cuda12.4/share/gromacs/top/spc.itp
-- Installing: /home/h1028/software/gromacs/2026.3-cuda12.4/share/gromacs/top/table6-10.xvg
-- Installing: /home/h1028/software/gromacs/2026.3-cuda12.4/share/gromacs/top/table6-8.xvg
-- Installing: /home/h1028/software/gromacs/2026.3-cuda12.4/share/gromacs/top/ffoplsaa.itp
-- Installing: /home/h1028/software/gromacs/2026.3-cuda12.4/share/gromacs/top/tip4p.itp
-- Installing: /home/h1028/software/gromacs/2026.3-cuda12.4/share/gromacs/top/amber96.ff
-- Installing: /home/h1028/software/gromacs/2026.3-cuda12.4/share/gromacs/top/amber96.ff/watermodels.dat
-- Installing: /home/h1028/software/gromacs/2026.3-cuda12.4/share/gromacs/top/amber96.ff/urea.itp
-- Installing: /home/h1028/software/gromacs/2026.3-cuda12.4/share/gromacs/top/amber96.ff/ions.itp
-- Installing: /home/h1028/software/gromacs/2026.3-cuda12.4/share/gromacs/top/amber96.ff/aminoacids.r2b
-- Installing: /home/h1028/software/gromacs/2026.3-cuda12.4/share/gromacs/top/amber96.ff/dna.rtp
-- Installing: /home/h1028/software/gromacs/2026.3-cuda12.4/share/gromacs/top/amber96.ff/forcefield.itp
-- Installing: /home/h1028/software/gromacs/2026.3-cuda12.4/share/gromacs/top/amber96.ff/aminoacids.n.tdb
-- Installing: /home/h1028/software/gromacs/2026.3-cuda12.4/share/gromacs/top/amber96.ff/spce.itp
-- Installing: /home/h1028/software/gromacs/2026.3-cuda12.4/share/gromacs/top/amber96.ff/rna.arn
-- Installing: /home/h1028/software/gromacs/2026.3-cuda12.4/share/gromacs/top/amber96.ff/tip3p.itp
-- Installing: /home/h1028/software/gromacs/2026.3-cuda12.4/share/gromacs/top/amber96.ff/rna.rtp
-- Installing: /home/h1028/software/gromacs/2026.3-cuda12.4/share/gromacs/top/amber96.ff/tip4pew.itp
-- Installing: /home/h1028/software/gromacs/2026.3-cuda12.4/share/gromacs/top/amber96.ff/rna.r2b
-- Installing: /home/h1028/software/gromacs/2026.3-cuda12.4/share/gromacs/top/amber96.ff/aminoacids.rtp
-- Installing: /home/h1028/software/gromacs/2026.3-cuda12.4/share/gromacs/top/amber96.ff/forcefield.doc
-- Installing: /home/h1028/software/gromacs/2026.3-cuda12.4/share/gromacs/top/amber96.ff/aminoacids.hdb
-- Installing: /home/h1028/software/gromacs/2026.3-cuda12.4/share/gromacs/top/amber96.ff/aminoacids.vsd
-- Installing: /home/h1028/software/gromacs/2026.3-cuda12.4/share/gromacs/top/amber96.ff/spc.itp
-- Installing: /home/h1028/software/gromacs/2026.3-cuda12.4/share/gromacs/top/amber96.ff/ffbonded.itp
-- Installing: /home/h1028/software/gromacs/2026.3-cuda12.4/share/gromacs/top/amber96.ff/tip4p.itp
-- Installing: /home/h1028/software/gromacs/2026.3-cuda12.4/share/gromacs/top/amber96.ff/aminoacids.c.tdb
-- Installing: /home/h1028/software/gromacs/2026.3-cuda12.4/share/gromacs/top/amber96.ff/dna.arn
-- Installing: /home/h1028/software/gromacs/2026.3-cuda12.4/share/gromacs/top/amber96.ff/dna.r2b
-- Installing: /home/h1028/software/gromacs/2026.3-cuda12.4/share/gromacs/top/amber96.ff/aminoacids.arn
-- Installing: /home/h1028/software/gromacs/2026.3-cuda12.4/share/gromacs/top/amber96.ff/ffnonbonded.itp
-- Installing: /home/h1028/software/gromacs/2026.3-cuda12.4/share/gromacs/top/amber96.ff/atomtypes.atp
-- Installing: /home/h1028/software/gromacs/2026.3-cuda12.4/share/gromacs/top/amber96.ff/rna.hdb
-- Installing: /home/h1028/software/gromacs/2026.3-cuda12.4/share/gromacs/top/amber96.ff/dna.hdb
-- Installing: /home/h1028/software/gromacs/2026.3-cuda12.4/share/gromacs/top/amber96.ff/tip5p.itp
-- Installing: /home/h1028/software/gromacs/2026.3-cuda12.4/share/gromacs/top/ffG53a5.itp
-- Installing: /home/h1028/software/gromacs/2026.3-cuda12.4/share/gromacs/top/tip4p.gro
-- Installing: /home/h1028/software/gromacs/2026.3-cuda12.4/share/gromacs/top/gromos43a2.ff
-- Installing: /home/h1028/software/gromacs/2026.3-cuda12.4/share/gromacs/top/gromos43a2.ff/watermodels.dat
-- Installing: /home/h1028/software/gromacs/2026.3-cuda12.4/share/gromacs/top/gromos43a2.ff/ions.itp
-- Installing: /home/h1028/software/gromacs/2026.3-cuda12.4/share/gromacs/top/gromos43a2.ff/aminoacids.r2b
-- Installing: /home/h1028/software/gromacs/2026.3-cuda12.4/share/gromacs/top/gromos43a2.ff/forcefield.itp
-- Installing: /home/h1028/software/gromacs/2026.3-cuda12.4/share/gromacs/top/gromos43a2.ff/aminoacids.n.tdb
-- Installing: /home/h1028/software/gromacs/2026.3-cuda12.4/share/gromacs/top/gromos43a2.ff/spce.itp
-- Installing: /home/h1028/software/gromacs/2026.3-cuda12.4/share/gromacs/top/gromos43a2.ff/tip3p.itp
-- Installing: /home/h1028/software/gromacs/2026.3-cuda12.4/share/gromacs/top/gromos43a2.ff/aminoacids.rtp
-- Installing: /home/h1028/software/gromacs/2026.3-cuda12.4/share/gromacs/top/gromos43a2.ff/forcefield.doc
-- Installing: /home/h1028/software/gromacs/2026.3-cuda12.4/share/gromacs/top/gromos43a2.ff/aminoacids.hdb
-- Installing: /home/h1028/software/gromacs/2026.3-cuda12.4/share/gromacs/top/gromos43a2.ff/aminoacids.vsd
-- Installing: /home/h1028/software/gromacs/2026.3-cuda12.4/share/gromacs/top/gromos43a2.ff/spc.itp
-- Installing: /home/h1028/software/gromacs/2026.3-cuda12.4/share/gromacs/top/gromos43a2.ff/ffbonded.itp
-- Installing: /home/h1028/software/gromacs/2026.3-cuda12.4/share/gromacs/top/gromos43a2.ff/tip4p.itp
-- Installing: /home/h1028/software/gromacs/2026.3-cuda12.4/share/gromacs/top/gromos43a2.ff/aminoacids.c.tdb
-- Installing: /home/h1028/software/gromacs/2026.3-cuda12.4/share/gromacs/top/gromos43a2.ff/ffnonbonded.itp
-- Installing: /home/h1028/software/gromacs/2026.3-cuda12.4/share/gromacs/top/gromos43a2.ff/ff_dum.itp
-- Installing: /home/h1028/software/gromacs/2026.3-cuda12.4/share/gromacs/top/gromos43a2.ff/atomtypes.atp
-- Installing: /home/h1028/software/gromacs/2026.3-cuda12.4/share/gromacs/top/ss.map
-- Installing: /home/h1028/software/gromacs/2026.3-cuda12.4/share/gromacs/top/phbres.dat
-- Installing: /home/h1028/software/gromacs/2026.3-cuda12.4/share/gromacs/top/random.dat
-- Installing: /home/h1028/software/gromacs/2026.3-cuda12.4/share/gromacs/top/table6-9.xvg
-- Installing: /home/h1028/software/gromacs/2026.3-cuda12.4/share/gromacs/top/xlateat.dat
-- Installing: /home/h1028/software/gromacs/2026.3-cuda12.4/share/gromacs/top/tip5p.gro
-- Installing: /home/h1028/software/gromacs/2026.3-cuda12.4/share/gromacs/top/dgsolv.dat
-- Installing: /home/h1028/software/gromacs/2026.3-cuda12.4/share/gromacs/top/table6-11.xvg
-- Installing: /home/h1028/software/gromacs/2026.3-cuda12.4/share/gromacs/top/amberGS.ff
-- Installing: /home/h1028/software/gromacs/2026.3-cuda12.4/share/gromacs/top/amberGS.ff/watermodels.dat
-- Installing: /home/h1028/software/gromacs/2026.3-cuda12.4/share/gromacs/top/amberGS.ff/urea.itp
-- Installing: /home/h1028/software/gromacs/2026.3-cuda12.4/share/gromacs/top/amberGS.ff/ions.itp
-- Installing: /home/h1028/software/gromacs/2026.3-cuda12.4/share/gromacs/top/amberGS.ff/aminoacids.r2b
-- Installing: /home/h1028/software/gromacs/2026.3-cuda12.4/share/gromacs/top/amberGS.ff/dna.rtp
-- Installing: /home/h1028/software/gromacs/2026.3-cuda12.4/share/gromacs/top/amberGS.ff/forcefield.itp
-- Installing: /home/h1028/software/gromacs/2026.3-cuda12.4/share/gromacs/top/amberGS.ff/aminoacids.n.tdb
-- Installing: /home/h1028/software/gromacs/2026.3-cuda12.4/share/gromacs/top/amberGS.ff/spce.itp
-- Installing: /home/h1028/software/gromacs/2026.3-cuda12.4/share/gromacs/top/amberGS.ff/rna.arn
-- Installing: /home/h1028/software/gromacs/2026.3-cuda12.4/share/gromacs/top/amberGS.ff/tip3p.itp
-- Installing: /home/h1028/software/gromacs/2026.3-cuda12.4/share/gromacs/top/amberGS.ff/rna.rtp
-- Installing: /home/h1028/software/gromacs/2026.3-cuda12.4/share/gromacs/top/amberGS.ff/tip4pew.itp
-- Installing: /home/h1028/software/gromacs/2026.3-cuda12.4/share/gromacs/top/amberGS.ff/rna.r2b
-- Installing: /home/h1028/software/gromacs/2026.3-cuda12.4/share/gromacs/top/amberGS.ff/aminoacids.rtp
-- Installing: /home/h1028/software/gromacs/2026.3-cuda12.4/share/gromacs/top/amberGS.ff/forcefield.doc
-- Installing: /home/h1028/software/gromacs/2026.3-cuda12.4/share/gromacs/top/amberGS.ff/aminoacids.hdb
-- Installing: /home/h1028/software/gromacs/2026.3-cuda12.4/share/gromacs/top/amberGS.ff/aminoacids.vsd
-- Installing: /home/h1028/software/gromacs/2026.3-cuda12.4/share/gromacs/top/amberGS.ff/spc.itp
-- Installing: /home/h1028/software/gromacs/2026.3-cuda12.4/share/gromacs/top/amberGS.ff/ffbonded.itp
-- Installing: /home/h1028/software/gromacs/2026.3-cuda12.4/share/gromacs/top/amberGS.ff/tip4p.itp
-- Installing: /home/h1028/software/gromacs/2026.3-cuda12.4/share/gromacs/top/amberGS.ff/aminoacids.c.tdb
-- Installing: /home/h1028/software/gromacs/2026.3-cuda12.4/share/gromacs/top/amberGS.ff/dna.arn
-- Installing: /home/h1028/software/gromacs/2026.3-cuda12.4/share/gromacs/top/amberGS.ff/dna.r2b
-- Installing: /home/h1028/software/gromacs/2026.3-cuda12.4/share/gromacs/top/amberGS.ff/aminoacids.arn
-- Installing: /home/h1028/software/gromacs/2026.3-cuda12.4/share/gromacs/top/amberGS.ff/ffnonbonded.itp
-- Installing: /home/h1028/software/gromacs/2026.3-cuda12.4/share/gromacs/top/amberGS.ff/atomtypes.atp
-- Installing: /home/h1028/software/gromacs/2026.3-cuda12.4/share/gromacs/top/amberGS.ff/rna.hdb
-- Installing: /home/h1028/software/gromacs/2026.3-cuda12.4/share/gromacs/top/amberGS.ff/dna.hdb
-- Installing: /home/h1028/software/gromacs/2026.3-cuda12.4/share/gromacs/top/amberGS.ff/tip5p.itp
-- Installing: /home/h1028/software/gromacs/2026.3-cuda12.4/share/gromacs/top/amber99sb.ff
-- Installing: /home/h1028/software/gromacs/2026.3-cuda12.4/share/gromacs/top/amber99sb.ff/watermodels.dat
-- Installing: /home/h1028/software/gromacs/2026.3-cuda12.4/share/gromacs/top/amber99sb.ff/urea.itp
-- Installing: /home/h1028/software/gromacs/2026.3-cuda12.4/share/gromacs/top/amber99sb.ff/ions.itp
-- Installing: /home/h1028/software/gromacs/2026.3-cuda12.4/share/gromacs/top/amber99sb.ff/aminoacids.r2b
-- Installing: /home/h1028/software/gromacs/2026.3-cuda12.4/share/gromacs/top/amber99sb.ff/dna.rtp
-- Installing: /home/h1028/software/gromacs/2026.3-cuda12.4/share/gromacs/top/amber99sb.ff/forcefield.itp
-- Installing: /home/h1028/software/gromacs/2026.3-cuda12.4/share/gromacs/top/amber99sb.ff/aminoacids.n.tdb
-- Installing: /home/h1028/software/gromacs/2026.3-cuda12.4/share/gromacs/top/amber99sb.ff/spce.itp
-- Installing: /home/h1028/software/gromacs/2026.3-cuda12.4/share/gromacs/top/amber99sb.ff/rna.arn
-- Installing: /home/h1028/software/gromacs/2026.3-cuda12.4/share/gromacs/top/amber99sb.ff/tip3p.itp
-- Installing: /home/h1028/software/gromacs/2026.3-cuda12.4/share/gromacs/top/amber99sb.ff/rna.rtp
-- Installing: /home/h1028/software/gromacs/2026.3-cuda12.4/share/gromacs/top/amber99sb.ff/tip4pew.itp
-- Installing: /home/h1028/software/gromacs/2026.3-cuda12.4/share/gromacs/top/amber99sb.ff/rna.r2b
-- Installing: /home/h1028/software/gromacs/2026.3-cuda12.4/share/gromacs/top/amber99sb.ff/aminoacids.rtp
-- Installing: /home/h1028/software/gromacs/2026.3-cuda12.4/share/gromacs/top/amber99sb.ff/forcefield.doc
-- Installing: /home/h1028/software/gromacs/2026.3-cuda12.4/share/gromacs/top/amber99sb.ff/aminoacids.hdb
-- Installing: /home/h1028/software/gromacs/2026.3-cuda12.4/share/gromacs/top/amber99sb.ff/aminoacids.vsd
-- Installing: /home/h1028/software/gromacs/2026.3-cuda12.4/share/gromacs/top/amber99sb.ff/spc.itp
-- Installing: /home/h1028/software/gromacs/2026.3-cuda12.4/share/gromacs/top/amber99sb.ff/ffbonded.itp
-- Installing: /home/h1028/software/gromacs/2026.3-cuda12.4/share/gromacs/top/amber99sb.ff/tip4p.itp
-- Installing: /home/h1028/software/gromacs/2026.3-cuda12.4/share/gromacs/top/amber99sb.ff/aminoacids.c.tdb
-- Installing: /home/h1028/software/gromacs/2026.3-cuda12.4/share/gromacs/top/amber99sb.ff/dna.arn
-- Installing: /home/h1028/software/gromacs/2026.3-cuda12.4/share/gromacs/top/amber99sb.ff/dna.r2b
-- Installing: /home/h1028/software/gromacs/2026.3-cuda12.4/share/gromacs/top/amber99sb.ff/aminoacids.arn
-- Installing: /home/h1028/software/gromacs/2026.3-cuda12.4/share/gromacs/top/amber99sb.ff/ffnonbonded.itp
-- Installing: /home/h1028/software/gromacs/2026.3-cuda12.4/share/gromacs/top/amber99sb.ff/atomtypes.atp
-- Installing: /home/h1028/software/gromacs/2026.3-cuda12.4/share/gromacs/top/amber99sb.ff/rna.hdb
-- Installing: /home/h1028/software/gromacs/2026.3-cuda12.4/share/gromacs/top/amber99sb.ff/dna.hdb
-- Installing: /home/h1028/software/gromacs/2026.3-cuda12.4/share/gromacs/top/amber99sb.ff/tip5p.itp
-- Installing: /home/h1028/software/gromacs/2026.3-cuda12.4/share/gromacs/top/ha-shift.dat
-- Installing: /home/h1028/software/gromacs/2026.3-cuda12.4/share/gromacs/top/flexspc.itp
-- Installing: /home/h1028/software/gromacs/2026.3-cuda12.4/share/gromacs/top/sfactor.dat
-- Installing: /home/h1028/software/gromacs/2026.3-cuda12.4/share/gromacs/top/vdwradii.dat
-- Installing: /home/h1028/software/gromacs/2026.3-cuda12.4/share/gromacs/top/ffG53a6.itp
-- Installing: /home/h1028/software/gromacs/2026.3-cuda12.4/share/gromacs/top/bonds.dlg
-- Installing: /home/h1028/software/gromacs/2026.3-cuda12.4/share/gromacs/top/atom_nom.tbl
-- Installing: /home/h1028/software/gromacs/2026.3-cuda12.4/share/gromacs/top/gromos53a6.ff
-- Installing: /home/h1028/software/gromacs/2026.3-cuda12.4/share/gromacs/top/gromos53a6.ff/watermodels.dat
-- Installing: /home/h1028/software/gromacs/2026.3-cuda12.4/share/gromacs/top/gromos53a6.ff/ions.itp
-- Installing: /home/h1028/software/gromacs/2026.3-cuda12.4/share/gromacs/top/gromos53a6.ff/aminoacids.r2b
-- Installing: /home/h1028/software/gromacs/2026.3-cuda12.4/share/gromacs/top/gromos53a6.ff/forcefield.itp
-- Installing: /home/h1028/software/gromacs/2026.3-cuda12.4/share/gromacs/top/gromos53a6.ff/aminoacids.n.tdb
-- Installing: /home/h1028/software/gromacs/2026.3-cuda12.4/share/gromacs/top/gromos53a6.ff/spce.itp
-- Installing: /home/h1028/software/gromacs/2026.3-cuda12.4/share/gromacs/top/gromos53a6.ff/tip3p.itp
-- Installing: /home/h1028/software/gromacs/2026.3-cuda12.4/share/gromacs/top/gromos53a6.ff/aminoacids.rtp
-- Installing: /home/h1028/software/gromacs/2026.3-cuda12.4/share/gromacs/top/gromos53a6.ff/forcefield.doc
-- Installing: /home/h1028/software/gromacs/2026.3-cuda12.4/share/gromacs/top/gromos53a6.ff/aminoacids.hdb
-- Installing: /home/h1028/software/gromacs/2026.3-cuda12.4/share/gromacs/top/gromos53a6.ff/aminoacids.vsd
-- Installing: /home/h1028/software/gromacs/2026.3-cuda12.4/share/gromacs/top/gromos53a6.ff/spc.itp
-- Installing: /home/h1028/software/gromacs/2026.3-cuda12.4/share/gromacs/top/gromos53a6.ff/ffbonded.itp
-- Installing: /home/h1028/software/gromacs/2026.3-cuda12.4/share/gromacs/top/gromos53a6.ff/tip4p.itp
-- Installing: /home/h1028/software/gromacs/2026.3-cuda12.4/share/gromacs/top/gromos53a6.ff/aminoacids.c.tdb
-- Installing: /home/h1028/software/gromacs/2026.3-cuda12.4/share/gromacs/top/gromos53a6.ff/ffnonbonded.itp
-- Installing: /home/h1028/software/gromacs/2026.3-cuda12.4/share/gromacs/top/gromos53a6.ff/ff_dum.itp
-- Installing: /home/h1028/software/gromacs/2026.3-cuda12.4/share/gromacs/top/gromos53a6.ff/atomtypes.atp
-- Installing: /home/h1028/software/gromacs/2026.3-cuda12.4/share/gromacs/top/atommass.dat
-- Installing: /home/h1028/software/gromacs/2026.3-cuda12.4/share/gromacs/top/spc216.gro
-- Installing: /home/h1028/software/gromacs/2026.3-cuda12.4/bin/GMXRC
-- Installing: /home/h1028/software/gromacs/2026.3-cuda12.4/bin/GMXRC.bash
-- Installing: /home/h1028/software/gromacs/2026.3-cuda12.4/bin/GMXRC.zsh
-- Installing: /home/h1028/software/gromacs/2026.3-cuda12.4/bin/GMXRC.csh
-- Installing: /home/h1028/software/gromacs/2026.3-cuda12.4/bin/demux.pl
-- Installing: /home/h1028/software/gromacs/2026.3-cuda12.4/bin/xplor2gmx.pl
-- Installing: /home/h1028/software/gromacs/2026.3-cuda12.4/lib/libgmxapi.so.0.4.0
-- Installing: /home/h1028/software/gromacs/2026.3-cuda12.4/lib/libgmxapi.so.0
-- Installing: /home/h1028/software/gromacs/2026.3-cuda12.4/lib/libgmxapi.so
-- Installing: /home/h1028/software/gromacs/2026.3-cuda12.4/share/cmake/gmxapi/gmxapi.cmake
-- Installing: /home/h1028/software/gromacs/2026.3-cuda12.4/share/cmake/gmxapi/gmxapi-release.cmake
-- Installing: /home/h1028/software/gromacs/2026.3-cuda12.4/share/cmake/gmxapi/gmxapi-config-version.cmake
-- Installing: /home/h1028/software/gromacs/2026.3-cuda12.4/share/cmake/gmxapi/gmxapi-config.cmake
-- Installing: /home/h1028/software/gromacs/2026.3-cuda12.4/include/gmxapi
-- Installing: /home/h1028/software/gromacs/2026.3-cuda12.4/include/gmxapi/system.h
-- Installing: /home/h1028/software/gromacs/2026.3-cuda12.4/include/gmxapi/md.h
-- Installing: /home/h1028/software/gromacs/2026.3-cuda12.4/include/gmxapi/session.h
-- Installing: /home/h1028/software/gromacs/2026.3-cuda12.4/include/gmxapi/status.h
-- Installing: /home/h1028/software/gromacs/2026.3-cuda12.4/include/gmxapi/gromacsfwd.h
-- Installing: /home/h1028/software/gromacs/2026.3-cuda12.4/include/gmxapi/gmxapicompat.h
-- Installing: /home/h1028/software/gromacs/2026.3-cuda12.4/include/gmxapi/exceptions.h
-- Installing: /home/h1028/software/gromacs/2026.3-cuda12.4/include/gmxapi/gmxapi.h
-- Installing: /home/h1028/software/gromacs/2026.3-cuda12.4/include/gmxapi/md
-- Installing: /home/h1028/software/gromacs/2026.3-cuda12.4/include/gmxapi/md/mdmodule.h
-- Installing: /home/h1028/software/gromacs/2026.3-cuda12.4/include/gmxapi/md/mdsignals.h
-- Installing: /home/h1028/software/gromacs/2026.3-cuda12.4/include/gmxapi/compat
-- Installing: /home/h1028/software/gromacs/2026.3-cuda12.4/include/gmxapi/compat/tpr.h
-- Installing: /home/h1028/software/gromacs/2026.3-cuda12.4/include/gmxapi/compat/mdparams.h
-- Installing: /home/h1028/software/gromacs/2026.3-cuda12.4/include/gmxapi/context.h
-- Installing: /home/h1028/software/gromacs/2026.3-cuda12.4/include/gmxapi/session
-- Installing: /home/h1028/software/gromacs/2026.3-cuda12.4/include/gmxapi/session/resources.h
-- Installing: /home/h1028/software/gromacs/2026.3-cuda12.4/include/gmxapi/mpi
-- Installing: /home/h1028/software/gromacs/2026.3-cuda12.4/include/gmxapi/mpi/gmxapi_mpi.h
-- Installing: /home/h1028/software/gromacs/2026.3-cuda12.4/include/gmxapi/version.h
-- Installing: /home/h1028/software/gromacs/2026.3-cuda12.4/include/gmxapi/mpi/resourceassignment.h
-- Installing: /home/h1028/software/gromacs/2026.3-cuda12.4/lib/libnblib_gmx.so.0.1.0
-- Installing: /home/h1028/software/gromacs/2026.3-cuda12.4/lib/libnblib_gmx.so.0
-- Installing: /home/h1028/software/gromacs/2026.3-cuda12.4/lib/libnblib_gmx.so
-- Installing: /home/h1028/software/gromacs/2026.3-cuda12.4/include/nblib
-- Installing: /home/h1028/software/gromacs/2026.3-cuda12.4/include/nblib/gmxcalculatorcpu.h
-- Installing: /home/h1028/software/gromacs/2026.3-cuda12.4/include/nblib/nbnxmsetuphelpers.h
-- Installing: /home/h1028/software/gromacs/2026.3-cuda12.4/include/nblib/tpr.h
-- Installing: /home/h1028/software/gromacs/2026.3-cuda12.4/include/nblib/kerneloptions.h
-- Installing: /home/h1028/software/gromacs/2026.3-cuda12.4/include/nblib/integrator.h
-- Installing: /home/h1028/software/gromacs/2026.3-cuda12.4/include/nblib/util
-- Installing: /home/h1028/software/gromacs/2026.3-cuda12.4/include/nblib/util/setup.h
-- Installing: /home/h1028/software/gromacs/2026.3-cuda12.4/include/nblib/util/traits.hpp
-- Installing: /home/h1028/software/gromacs/2026.3-cuda12.4/include/nblib/util/util.hpp
-- Installing: /home/h1028/software/gromacs/2026.3-cuda12.4/include/nblib/topology.h
-- Installing: /home/h1028/software/gromacs/2026.3-cuda12.4/include/nblib/listed_forces
-- Installing: /home/h1028/software/gromacs/2026.3-cuda12.4/include/nblib/listed_forces/definitions.h
-- Installing: /home/h1028/software/gromacs/2026.3-cuda12.4/include/nblib/listed_forces/bondtypes.h
-- Installing: /home/h1028/software/gromacs/2026.3-cuda12.4/include/nblib/listed_forces/calculator.h
-- Installing: /home/h1028/software/gromacs/2026.3-cuda12.4/include/nblib/exception.h
-- Installing: /home/h1028/software/gromacs/2026.3-cuda12.4/include/nblib/molecules.h
-- Installing: /home/h1028/software/gromacs/2026.3-cuda12.4/include/nblib/nblib.h
-- Installing: /home/h1028/software/gromacs/2026.3-cuda12.4/include/nblib/particlesequencer.h
-- Installing: /home/h1028/software/gromacs/2026.3-cuda12.4/include/nblib/box.h
-- Installing: /home/h1028/software/gromacs/2026.3-cuda12.4/include/nblib/particletype.h
-- Installing: /home/h1028/software/gromacs/2026.3-cuda12.4/include/nblib/interactions.h
-- Installing: /home/h1028/software/gromacs/2026.3-cuda12.4/include/nblib/vector.h
-- Installing: /home/h1028/software/gromacs/2026.3-cuda12.4/include/nblib/simulationstate.h
-- Installing: /home/h1028/software/gromacs/2026.3-cuda12.4/include/nblib/basicdefinitions.h
-- Installing: /home/h1028/software/gromacs/2026.3-cuda12.4/lib/libmuparser.so.2.3.4
-- Installing: /home/h1028/software/gromacs/2026.3-cuda12.4/lib/libmuparser.so.2
-- Installing: /home/h1028/software/gromacs/2026.3-cuda12.4/lib/libmuparser.so
-- Up-to-date: /home/h1028/software/gromacs/2026.3-cuda12.4/lib/libmuparser.so.2.3.4
-- Up-to-date: /home/h1028/software/gromacs/2026.3-cuda12.4/lib/libmuparser.so.2
-- Up-to-date: /home/h1028/software/gromacs/2026.3-cuda12.4/lib/libmuparser.so
-- Installing: /home/h1028/software/gromacs/2026.3-cuda12.4/include/gromacs/mdrun/simulationinputhandle.h
-- Installing: /home/h1028/software/gromacs/2026.3-cuda12.4/lib/libgromacs.so.11.0.0
-- Installing: /home/h1028/software/gromacs/2026.3-cuda12.4/lib/libgromacs.so.11
-- Installing: /home/h1028/software/gromacs/2026.3-cuda12.4/lib/libgromacs.so
-- Installing: /home/h1028/software/gromacs/2026.3-cuda12.4/lib/pkgconfig/libgromacs.pc
-- Installing: /home/h1028/software/gromacs/2026.3-cuda12.4/share/cmake/gromacs/libgromacs.cmake
-- Installing: /home/h1028/software/gromacs/2026.3-cuda12.4/share/cmake/gromacs/libgromacs-release.cmake
-- Installing: /home/h1028/software/gromacs/2026.3-cuda12.4/share/cmake/gromacs/gromacs-config.cmake
-- Installing: /home/h1028/software/gromacs/2026.3-cuda12.4/share/cmake/gromacs/gromacs-config-version.cmake
-- Installing: /home/h1028/software/gromacs/2026.3-cuda12.4/share/cmake/gromacs/gromacs-hints.cmake
-- Installing: /home/h1028/software/gromacs/2026.3-cuda12.4/bin/gmx
-- Up-to-date: /home/h1028/software/gromacs/2026.3-cuda12.4/bin
-- Installing: /home/h1028/software/gromacs/2026.3-cuda12.4/bin/gmx-completion.bash
-- Installing: /home/h1028/software/gromacs/2026.3-cuda12.4/bin/gmx-completion-gmx.bash
-- Installing: /home/h1028/software/gromacs/2026.3-cuda12.4/share/man/man1
-- Installing: /home/h1028/software/gromacs/2026.3-cuda12.4/share/man/man1/gmx-sham.1
-- Installing: /home/h1028/software/gromacs/2026.3-cuda12.4/share/man/man1/gmx-trjorder.1
-- Installing: /home/h1028/software/gromacs/2026.3-cuda12.4/share/man/man1/gmx-nmeig.1
-- Installing: /home/h1028/software/gromacs/2026.3-cuda12.4/share/man/man1/gmx-sorient.1
-- Installing: /home/h1028/software/gromacs/2026.3-cuda12.4/share/man/man1/gmx-mk_angndx.1
-- Installing: /home/h1028/software/gromacs/2026.3-cuda12.4/share/man/man1/gmx-solvate.1
-- Installing: /home/h1028/software/gromacs/2026.3-cuda12.4/share/man/man1/gmx-insert-molecules.1
-- Installing: /home/h1028/software/gromacs/2026.3-cuda12.4/share/man/man1/gmx-x2top.1
-- Installing: /home/h1028/software/gromacs/2026.3-cuda12.4/share/man/man1/gmx-convert-tpr.1
-- Installing: /home/h1028/software/gromacs/2026.3-cuda12.4/share/man/man1/gmx-pme_error.1
-- Installing: /home/h1028/software/gromacs/2026.3-cuda12.4/share/man/man1/gmx-energy.1
-- Installing: /home/h1028/software/gromacs/2026.3-cuda12.4/share/man/man1/gmx-report-methods.1
-- Installing: /home/h1028/software/gromacs/2026.3-cuda12.4/share/man/man1/gmx-hydorder.1
-- Installing: /home/h1028/software/gromacs/2026.3-cuda12.4/share/man/man1/gmx-tcaf.1
-- Installing: /home/h1028/software/gromacs/2026.3-cuda12.4/share/man/man1/gmx-wheel.1
-- Installing: /home/h1028/software/gromacs/2026.3-cuda12.4/share/man/man1/gmx-xpm2ps.1
-- Installing: /home/h1028/software/gromacs/2026.3-cuda12.4/share/man/man1/gmx-dyecoupl.1
-- Installing: /home/h1028/software/gromacs/2026.3-cuda12.4/share/man/man1/gmx-clustsize.1
-- Installing: /home/h1028/software/gromacs/2026.3-cuda12.4/share/man/man1/gmx-nmens.1
-- Installing: /home/h1028/software/gromacs/2026.3-cuda12.4/share/man/man1/gmx-spol.1
-- Installing: /home/h1028/software/gromacs/2026.3-cuda12.4/share/man/man1/gmx-analyze.1
-- Installing: /home/h1028/software/gromacs/2026.3-cuda12.4/share/man/man1/gmx-sigeps.1
-- Installing: /home/h1028/software/gromacs/2026.3-cuda12.4/share/man/man1/gmx-order.1
-- Installing: /home/h1028/software/gromacs/2026.3-cuda12.4/share/man/man1/gmx-dump.1
-- Installing: /home/h1028/software/gromacs/2026.3-cuda12.4/share/man/man1/gmx-rdf.1
-- Installing: /home/h1028/software/gromacs/2026.3-cuda12.4/share/man/man1/gmx-densmap.1
-- Installing: /home/h1028/software/gromacs/2026.3-cuda12.4/share/man/man1/gmx-cluster.1
-- Installing: /home/h1028/software/gromacs/2026.3-cuda12.4/share/man/man1/gmx-mindist.1
-- Installing: /home/h1028/software/gromacs/2026.3-cuda12.4/share/man/man1/gmx-distance.1
-- Installing: /home/h1028/software/gromacs/2026.3-cuda12.4/share/man/man1/gmx-traj.1
-- Installing: /home/h1028/software/gromacs/2026.3-cuda12.4/share/man/man1/gmx-dssp.1
-- Installing: /home/h1028/software/gromacs/2026.3-cuda12.4/share/man/man1/gmx-nmtraj.1
-- Installing: /home/h1028/software/gromacs/2026.3-cuda12.4/share/man/man1/gmx-bundle.1
-- Installing: /home/h1028/software/gromacs/2026.3-cuda12.4/share/man/man1/gmx-current.1
-- Installing: /home/h1028/software/gromacs/2026.3-cuda12.4/share/man/man1/gmx-bar.1
-- Installing: /home/h1028/software/gromacs/2026.3-cuda12.4/share/man/man1/gmx-check.1
-- Installing: /home/h1028/software/gromacs/2026.3-cuda12.4/share/man/man1/gmx-gyrate-legacy.1
-- Installing: /home/h1028/software/gromacs/2026.3-cuda12.4/share/man/man1/gmx-potential.1
-- Installing: /home/h1028/software/gromacs/2026.3-cuda12.4/share/man/man1/gmx-gyrate.1
-- Installing: /home/h1028/software/gromacs/2026.3-cuda12.4/share/man/man1/gmx-lie.1
-- Installing: /home/h1028/software/gromacs/2026.3-cuda12.4/share/man/man1/gmx-awh.1
-- Installing: /home/h1028/software/gromacs/2026.3-cuda12.4/share/man/man1/gmx-enemat.1
-- Installing: /home/h1028/software/gromacs/2026.3-cuda12.4/share/man/man1/gmx-rms.1
-- Installing: /home/h1028/software/gromacs/2026.3-cuda12.4/share/man/man1/gmx-rotacf.1
-- Installing: /home/h1028/software/gromacs/2026.3-cuda12.4/share/man/man1/gmx-editconf.1
-- Installing: /home/h1028/software/gromacs/2026.3-cuda12.4/share/man/man1/gmx-scattering.1
-- Installing: /home/h1028/software/gromacs/2026.3-cuda12.4/share/man/man1/gmx-saltbr.1
-- Installing: /home/h1028/software/gromacs/2026.3-cuda12.4/share/man/man1/gmx-polystat.1
-- Installing: /home/h1028/software/gromacs/2026.3-cuda12.4/share/man/man1/gmx-make_edi.1
-- Installing: /home/h1028/software/gromacs/2026.3-cuda12.4/share/man/man1/gmx-grompp.1
-- Installing: /home/h1028/software/gromacs/2026.3-cuda12.4/share/man/man1/gmx-trajectory.1
-- Installing: /home/h1028/software/gromacs/2026.3-cuda12.4/share/man/man1/gmx-pairdist.1
-- Installing: /home/h1028/software/gromacs/2026.3-cuda12.4/share/man/man1/gmx-sasa.1
-- Installing: /home/h1028/software/gromacs/2026.3-cuda12.4/share/man/man1/gmx-hbond-legacy.1
-- Installing: /home/h1028/software/gromacs/2026.3-cuda12.4/share/man/man1/gmx-saxs-legacy.1
-- Installing: /home/h1028/software/gromacs/2026.3-cuda12.4/share/man/man1/gmx-velacc.1
-- Installing: /home/h1028/software/gromacs/2026.3-cuda12.4/share/man/man1/gmx-wham.1
-- Installing: /home/h1028/software/gromacs/2026.3-cuda12.4/share/man/man1/gmx-rama.1
-- Installing: /home/h1028/software/gromacs/2026.3-cuda12.4/share/man/man1/gmx-hbond.1
-- Installing: /home/h1028/software/gromacs/2026.3-cuda12.4/share/man/man1/gmx-convert-trj.1
-- Installing: /home/h1028/software/gromacs/2026.3-cuda12.4/share/man/man1/gmx-trjconv.1
-- Installing: /home/h1028/software/gromacs/2026.3-cuda12.4/share/man/man1/gmx-chi.1
-- Installing: /home/h1028/software/gromacs/2026.3-cuda12.4/share/man/man1/gmx-h2order.1
-- Installing: /home/h1028/software/gromacs/2026.3-cuda12.4/share/man/man1/gmx-gangle.1
-- Installing: /home/h1028/software/gromacs/2026.3-cuda12.4/share/man/man1/gmx-help.1
-- Installing: /home/h1028/software/gromacs/2026.3-cuda12.4/share/man/man1/gmx-density.1
-- Installing: /home/h1028/software/gromacs/2026.3-cuda12.4/share/man/man1/gmx-trjcat.1
-- Installing: /home/h1028/software/gromacs/2026.3-cuda12.4/share/man/man1/gmx.1
-- Installing: /home/h1028/software/gromacs/2026.3-cuda12.4/share/man/man1/gmx-genion.1
-- Installing: /home/h1028/software/gromacs/2026.3-cuda12.4/share/man/man1/gmx-helixorient.1
-- Installing: /home/h1028/software/gromacs/2026.3-cuda12.4/share/man/man1/gmx-confrms.1
-- Installing: /home/h1028/software/gromacs/2026.3-cuda12.4/share/man/man1/gmx-mdmat.1
-- Installing: /home/h1028/software/gromacs/2026.3-cuda12.4/share/man/man1/gmx-rotmat.1
-- Installing: /home/h1028/software/gromacs/2026.3-cuda12.4/share/man/man1/gmx-mdrun.1
-- Installing: /home/h1028/software/gromacs/2026.3-cuda12.4/share/man/man1/gmx-extract-cluster.1
-- Installing: /home/h1028/software/gromacs/2026.3-cuda12.4/share/man/man1/gmx-select.1
-- Installing: /home/h1028/software/gromacs/2026.3-cuda12.4/share/man/man1/gmx-rmsf.1
-- Installing: /home/h1028/software/gromacs/2026.3-cuda12.4/share/man/man1/gmx-nonbonded-benchmark.1
-- Installing: /home/h1028/software/gromacs/2026.3-cuda12.4/share/man/man1/gmx-vanhove.1
-- Installing: /home/h1028/software/gromacs/2026.3-cuda12.4/share/man/man1/gmx-anaeig.1
-- Installing: /home/h1028/software/gromacs/2026.3-cuda12.4/share/man/man1/gmx-tune_pme.1
-- Installing: /home/h1028/software/gromacs/2026.3-cuda12.4/share/man/man1/gmx-sans-legacy.1
-- Installing: /home/h1028/software/gromacs/2026.3-cuda12.4/share/man/man1/gmx-genconf.1
-- Installing: /home/h1028/software/gromacs/2026.3-cuda12.4/share/man/man1/gmx-genrestr.1
-- Installing: /home/h1028/software/gromacs/2026.3-cuda12.4/share/man/man1/gmx-densorder.1
-- Installing: /home/h1028/software/gromacs/2026.3-cuda12.4/share/man/man1/gmx-dielectric.1
-- Installing: /home/h1028/software/gromacs/2026.3-cuda12.4/share/man/man1/gmx-freevolume.1
-- Installing: /home/h1028/software/gromacs/2026.3-cuda12.4/share/man/man1/gmx-spatial.1
-- Installing: /home/h1028/software/gromacs/2026.3-cuda12.4/share/man/man1/gmx-rmsdist.1
-- Installing: /home/h1028/software/gromacs/2026.3-cuda12.4/share/man/man1/gmx-principal.1
-- Installing: /home/h1028/software/gromacs/2026.3-cuda12.4/share/man/man1/gmx-make_ndx.1
-- Installing: /home/h1028/software/gromacs/2026.3-cuda12.4/share/man/man1/gmx-helix.1
-- Installing: /home/h1028/software/gromacs/2026.3-cuda12.4/share/man/man1/gmx-pdb2gmx.1
-- Installing: /home/h1028/software/gromacs/2026.3-cuda12.4/share/man/man1/gmx-dos.1
-- Installing: /home/h1028/software/gromacs/2026.3-cuda12.4/share/man/man1/gmx-angle.1
-- Installing: /home/h1028/software/gromacs/2026.3-cuda12.4/share/man/man1/gmx-dipoles.1
-- Installing: /home/h1028/software/gromacs/2026.3-cuda12.4/share/man/man1/gmx-nmr.1
-- Installing: /home/h1028/software/gromacs/2026.3-cuda12.4/share/man/man1/gmx-eneconv.1
-- Installing: /home/h1028/software/gromacs/2026.3-cuda12.4/share/man/man1/gmx-disre.1
-- Installing: /home/h1028/software/gromacs/2026.3-cuda12.4/share/man/man1/gmx-msd.1
-- Installing: /home/h1028/software/gromacs/2026.3-cuda12.4/share/man/man1/gmx-covar.1
-- Installing: /home/h1028/software/gromacs/2026.3-cuda12.4/share/man/man1/gmx-filter.1
